[1, [20, [42, 31]], 3]
[1, [20, 42], 3]
[1, 42, 3]